1 Задание:
ОТВЕТ: Разрежённый файл (англ. sparse file) — файл, в котором последовательности нулевых байтов[1] заменены на информацию об этих последовательностях (список дыр).
Разреженные – это специальные файлы, которые с большей эффективностью используют файловую систему, они не позволяют ФС занимать свободное дисковое пространство носителя, когда разделы не заполнены. То есть, «пустое место» будет задействовано только при необходимости. Пустая информация в виде нулей, будет хранится в блоке метаданных ФС. Поэтому, разреженные файлы изначально занимают меньший объем носителя, чем их реальный объем.
2 Задание.
ОТВЕТ: Так как hardlink это ссылка на тот же самый файл и имеет тот же inode, то права доступа и владелец будут одни и те же.
3 Задание.
ОТВЕТ: 
vagrant@vagrant:~$ sudo fdisk -l
Disk /dev/sda: 64 GiB, 68719476736 bytes, 134217728 sectors
Disk model: VBOX HARDDISK
Units: sectors of 1 * 512 = 512 bytes
Sector size (logical/physical): 512 bytes / 512 bytes
I/O size (minimum/optimal): 512 bytes / 512 bytes
Disklabel type: dos
Disk identifier: 0x3f94c461

Device     Boot   Start       End   Sectors  Size Id Type
/dev/sda1  *       2048   1050623   1048576  512M  b W95 FAT32
/dev/sda2       1052670 134215679 133163010 63.5G  5 Extended
/dev/sda5       1052672 134215679 133163008 63.5G 8e Linux LVM


Disk /dev/sdb: 2.51 GiB, 2684354560 bytes, 5242880 sectors
Disk model: VBOX HARDDISK
Units: sectors of 1 * 512 = 512 bytes
Sector size (logical/physical): 512 bytes / 512 bytes
I/O size (minimum/optimal): 512 bytes / 512 bytes


Disk /dev/sdc: 2.51 GiB, 2684354560 bytes, 5242880 sectors
Disk model: VBOX HARDDISK
Units: sectors of 1 * 512 = 512 bytes
Sector size (logical/physical): 512 bytes / 512 bytes
I/O size (minimum/optimal): 512 bytes / 512 bytes


Disk /dev/mapper/vgvagrant-root: 62.55 GiB, 67150807040 bytes, 131153920 sectors
Units: sectors of 1 * 512 = 512 bytes
Sector size (logical/physical): 512 bytes / 512 bytes
I/O size (minimum/optimal): 512 bytes / 512 bytes


Disk /dev/mapper/vgvagrant-swap_1: 980 MiB, 1027604480 bytes, 2007040 sectors
Units: sectors of 1 * 512 = 512 bytes
Sector size (logical/physical): 512 bytes / 512 bytes
I/O size (minimum/optimal): 512 bytes / 512 bytes
vagrant@vagrant:~$
vagrant@vagrant:~$ lsblk
NAME                 MAJ:MIN RM  SIZE RO TYPE MOUNTPOINT
sda                    8:0    0   64G  0 disk
├─sda1                 8:1    0  512M  0 part /boot/efi
├─sda2                 8:2    0    1K  0 part
└─sda5                 8:5    0 63.5G  0 part
  ├─vgvagrant-root   253:0    0 62.6G  0 lvm  /
  └─vgvagrant-swap_1 253:1    0  980M  0 lvm  [SWAP]
sdb                    8:16   0  2.5G  0 disk
sdc                    8:32   0  2.5G  0 disk










 







































